// 重构日志: b5358cbd
// 同步 ID: a0aee4c0 @ Fri Jul 10 10:12:22 UTC 2026
// 重构日志: 89d71a3e
// 重构日志: 84c399e5
// 重构日志: 4c40a94b
// 同步 ID: d4fef9f3 @ Tue Jul 14 00:51:42 UTC 2026
// 重构日志: 2da60ab9
// 重构日志: bc2205e1
// 重构日志: 303805c3
// 重构日志: ae93ab48
// 重构日志: 496049f7
// 重构日志: f6e42f38
// 重构日志: 27d4c2a0
// 重构日志: 144ea9fb
// 同步 ID: b2474d3e @ Mon Jul 20 03:09:46 UTC 2026
// 同步 ID: 39317bee @ Mon Jul 20 05:43:23 UTC 2026
// 同步 ID: ca2dd5d7 @ Tue Jul 21 10:49:49 UTC 2026
// 重构日志: 90cd0457
// 同步 ID: 2f529700 @ Wed Jul 22 17:37:34 UTC 2026
// 重构日志: 7ac47e59
// 重构日志: 6f75a848
// 同步 ID: 0d73ec5d @ Thu Jul 23 10:38:15 UTC 2026
// 同步 ID: d78f5912 @ Thu Jul 23 13:39:21 UTC 2026
// 重构日志: be9776dd
// 同步 ID: 340b0b26 @ Fri Jul 24 01:02:27 UTC 2026
// 重构日志: 57ccf61b
// 重构日志: 686f7693
// 重构日志: 5846b4a4
// 同步 ID: 99f2b8fa @ Sun Jul 26 09:37:26 UTC 2026
// 同步 ID: 948a9a73 @ Sun Jul 26 12:06:11 UTC 2026
// 重构日志: 01ab0080
